[root@localhost ~]# mke2fs /dev/loop0 -t ext3 -L LABEL_ext3
mke2fs 1.41.12 (17-May-2010)
Filesystem label=LABEL_ext3
OS type: Linux
Block size=1024 (log=0)
Fragment size=1024 (log=0)
Stride=0 blocks, Stripe width=0 blocks
5016 inodes, 20000 blocks
1000 blocks (5.00%) reserved for the super user
First data block=1
Maximum filesystem blocks=20709376
3 block groups
8192 blocks per group, 8192 fragments per group
1672 inodes per group
Superblock backups stored on blocks: 
	8193

Writing inode tables: done                            
Creating journal (1024 blocks): done
Writing superblocks and filesystem accounting information: done

This filesystem will be automatically checked every 36 mounts or
180 days, whichever comes first.  Use tune2fs -c or -i to override.
[root@localhost ~]# mke2fs /dev/loop1 -t ext4 -L LABEL_ext4
mke2fs 1.41.12 (17-May-2010)
Filesystem label=LABEL_ext4
OS type: Linux
Block size=1024 (log=0)
Fragment size=1024 (log=0)
Stride=0 blocks, Stripe width=0 blocks
7520 inodes, 30000 blocks
1500 blocks (5.00%) reserved for the super user
First data block=1
Maximum filesystem blocks=30932992
4 block groups
8192 blocks per group, 8192 fragments per group
1880 inodes per group
Superblock backups stored on blocks: 
	8193, 24577

Writing inode tables: done                            
Creating journal (1024 blocks): done
Writing superblocks and filesystem accounting information: done

This filesystem will be automatically checked every 28 mounts or
180 days, whichever comes first.  Use tune2fs -c or -i to override.

